// Jest Snapshot v1, https://goo.gl/fbAQLP

exports[`renders SignupForm correctly 1`] = `
<div>
  <div
    class="SignUpForm col-md-5 offset-md-4 col-lg-4 offset-lg-4"
  >
    <h1>
      Sign Up
    </h1>
    <div
      class="card"
    >
      <div
        class="card-body"
      >
        <form
          class="SignUpForm-form"
        >
          <label
            class="SignUpForm-Label"
            for="username"
          >
            Username
          </label>
          <input
            class="SignUpForm-Input form-control"
            id="username"
            name="username"
            placeholder="Username"
            required=""
            type="text"
            value=""
          />
          <label
            class="SignUpForm-Label"
            for="password"
          >
            Password
          </label>
          <input
            class="SignUpForm-Input form-control"
            id="password"
            name="password"
            placeholder="Password"
            required=""
            type="text"
            value=""
          />
          <label
            class="SignUpForm-Label"
            for="firstName"
          >
            First Name
          </label>
          <input
            class="SignUpForm-Input form-control"
            id="firstName"
            name="firstName"
            placeholder="First Name"
            required=""
            type="text"
            value=""
          />
          <label
            class="SignUpForm-Label"
            for="lastName"
          >
            Last Name
          </label>
          <input
            class="SignUpForm-Input form-control"
            id="lastName"
            name="lastName"
            placeholder="Last Name"
            required=""
            type="text"
            value=""
          />
          <label
            class="SignUpForm-Label"
            for="email"
          >
            Email
          </label>
          <input
            class="SignUpForm-Input form-control"
            id="email"
            name="email"
            placeholder="Email"
            required=""
            type="text"
            value=""
          />
          <span
            class="NewItemForm-formErrors"
          >
            <p />
          </span>
          <button
            class="btn btn-lg btn-block btn btn-primary"
            type="submit"
          >
            Sign Up
          </button>
        </form>
      </div>
    </div>
  </div>
</div>
`;
